================================================================================
API Switcher build tool
Bundle mode: onefile
================================================================================
PyInstaller is installed.
Spec file written: API切换器.spec (onefile)

Starting PyInstaller build...

124 INFO: PyInstaller: 6.21.0, contrib hooks: 2026.6
125 INFO: Python: 3.12.10
151 INFO: Platform: Windows-11-10.0.26200-SP0
151 INFO: Python environment: C:\Users\Zzy\AppData\Local\Programs\Python\Python312
155 INFO: Removing temporary files and cleaning cache in C:\Users\Zzy\AppData\Local\pyinstaller
157 INFO: Module search paths (PYTHONPATH):
['C:\\Users\\Zzy\\Desktop\\Tools\\API切换器',
 'C:\\Users\\Zzy\\AppData\\Local\\Programs\\Python\\Python312\\python312.zip',
 'C:\\Users\\Zzy\\AppData\\Local\\Programs\\Python\\Python312\\DLLs',
 'C:\\Users\\Zzy\\AppData\\Local\\Programs\\Python\\Python312\\Lib',
 'C:\\Users\\Zzy\\AppData\\Local\\Programs\\Python\\Python312',
 'C:\\Users\\Zzy\\AppData\\Roaming\\Python\\Python312\\site-packages',
 'C:\\Users\\Zzy\\AppData\\Local\\Programs\\Python\\Python312\\Lib\\site-packages',
 'C:\\Users\\Zzy\\AppData\\Local\\Programs\\Python\\Python312\\Lib\\site-packages\\win32',
 'C:\\Users\\Zzy\\AppData\\Local\\Programs\\Python\\Python312\\Lib\\site-packages\\win32\\lib',
 'C:\\Users\\Zzy\\AppData\\Local\\Programs\\Python\\Python312\\Lib\\site-packages\\Pythonwin',
 'C:\\Users\\Zzy\\Desktop\\Tools\\API切换器']
500 INFO: Appending 'datas' from .spec
500 INFO: checking Analysis
500 INFO: Building Analysis because Analysis-00.toc is non existent
500 INFO: Looking for Python shared library...
500 INFO: Using Python shared library: C:\Users\Zzy\AppData\Local\Programs\Python\Python312\python312.dll
500 INFO: Running Analysis Analysis-00.toc
500 INFO: Target bytecode optimization level: 0
500 INFO: Initializing module dependency graph...
502 INFO: Initializing module graph hook caches...
515 INFO: Analyzing modules for base_library.zip ...
1534 INFO: Processing standard module hook 'hook-encodings.py' from 'C:\\Users\\Zzy\\AppData\\Local\\Programs\\Python\\Python312\\Lib\\site-packages\\PyInstaller\\hooks'
1955 INFO: Processing standard module hook 'hook-math.py' from 'C:\\Users\\Zzy\\AppData\\Local\\Programs\\Python\\Python312\\Lib\\site-packages\\PyInstaller\\hooks'
2626 INFO: Processing standard module hook 'hook-pickle.py' from 'C:\\Users\\Zzy\\AppData\\Local\\Programs\\Python\\Python312\\Lib\\site-packages\\PyInstaller\\hooks'
3175 INFO: Processing standard module hook 'hook-heapq.py' from 'C:\\Users\\Zzy\\AppData\\Local\\Programs\\Python\\Python312\\Lib\\site-packages\\PyInstaller\\hooks'
3460 INFO: Caching module dependency graph...
3488 INFO: Analyzing C:\Users\Zzy\Desktop\Tools\API切换器\main.py
3530 INFO: Processing standard module hook 'hook-platform.py' from 'C:\\Users\\Zzy\\AppData\\Local\\Programs\\Python\\Python312\\Lib\\site-packages\\PyInstaller\\hooks'
3963 INFO: Processing pre-safe-import-module hook 'hook-tomli.py' from 'C:\\Users\\Zzy\\AppData\\Local\\Programs\\Python\\Python312\\Lib\\site-packages\\PyInstaller\\hooks\\pre_safe_import_module'
3963 INFO: SetuptoolsInfo: initializing cached setuptools info...
4393 INFO: Setuptools: 'tomli' appears to be a setuptools-vendored copy - creating alias to 'setuptools._vendor.tomli'!
4400 INFO: Processing standard module hook 'hook-setuptools.py' from 'C:\\Users\\Zzy\\AppData\\Local\\Programs\\Python\\Python312\\Lib\\site-packages\\PyInstaller\\hooks'
4408 INFO: Processing pre-safe-import-module hook 'hook-distutils.py' from 'C:\\Users\\Zzy\\AppData\\Local\\Programs\\Python\\Python312\\Lib\\site-packages\\PyInstaller\\hooks\\pre_safe_import_module'
4440 INFO: Processing standard module hook 'hook-sysconfig.py' from 'C:\\Users\\Zzy\\AppData\\Local\\Programs\\Python\\Python312\\Lib\\site-packages\\PyInstaller\\hooks'
4443 INFO: Processing pre-safe-import-module hook 'hook-jaraco.py' from 'C:\\Users\\Zzy\\AppData\\Local\\Programs\\Python\\Python312\\Lib\\site-packages\\PyInstaller\\hooks\\pre_safe_import_module'
4444 INFO: Setuptools: 'jaraco' appears to be a partial setuptools-vendored copy - extending search paths to ['C:\\Users\\Zzy\\AppData\\Local\\Programs\\Python\\Python312\\Lib\\site-packages\\jaraco', 'C:\\Users\\Zzy\\AppData\\Local\\Programs\\Python\\Python312\\Lib\\site-packages\\setuptools\\_vendor\\jaraco']!
4445 INFO: Processing pre-safe-import-module hook 'hook-jaraco.functools.py' from 'C:\\Users\\Zzy\\AppData\\Local\\Programs\\Python\\Python312\\Lib\\site-packages\\PyInstaller\\hooks\\pre_safe_import_module'
4453 INFO: Processing pre-safe-import-module hook 'hook-more_itertools.py' from 'C:\\Users\\Zzy\\AppData\\Local\\Programs\\Python\\Python312\\Lib\\site-packages\\PyInstaller\\hooks\\pre_safe_import_module'
4539 INFO: Processing pre-safe-import-module hook 'hook-typing_extensions.py' from 'C:\\Users\\Zzy\\AppData\\Local\\Programs\\Python\\Python312\\Lib\\site-packages\\PyInstaller\\hooks\\pre_safe_import_module'
4703 INFO: Processing standard module hook 'hook-multiprocessing.util.py' from 'C:\\Users\\Zzy\\AppData\\Local\\Programs\\Python\\Python312\\Lib\\site-packages\\PyInstaller\\hooks'
4752 INFO: Processing standard module hook 'hook-xml.py' from 'C:\\Users\\Zzy\\AppData\\Local\\Programs\\Python\\Python312\\Lib\\site-packages\\PyInstaller\\hooks'
4905 INFO: Processing standard module hook 'hook-_ctypes.py' from 'C:\\Users\\Zzy\\AppData\\Local\\Programs\\Python\\Python312\\Lib\\site-packages\\PyInstaller\\hooks'
5219 INFO: Processing pre-safe-import-module hook 'hook-packaging.py' from 'C:\\Users\\Zzy\\AppData\\Local\\Programs\\Python\\Python312\\Lib\\site-packages\\PyInstaller\\hooks\\pre_safe_import_module'
5338 INFO: Processing pre-safe-import-module hook 'hook-jaraco.text.py' from 'C:\\Users\\Zzy\\AppData\\Local\\Programs\\Python\\Python312\\Lib\\site-packages\\PyInstaller\\hooks\\pre_safe_import_module'
5339 INFO: Setuptools: 'jaraco.text' appears to be a setuptools-vendored copy - creating alias to 'setuptools._vendor.jaraco.text'!
5345 INFO: Processing standard module hook 'hook-setuptools._vendor.jaraco.text.py' from 'C:\\Users\\Zzy\\AppData\\Local\\Programs\\Python\\Python312\\Lib\\site-packages\\PyInstaller\\hooks'
5346 INFO: Processing pre-safe-import-module hook 'hook-importlib_resources.py' from 'C:\\Users\\Zzy\\AppData\\Local\\Programs\\Python\\Python312\\Lib\\site-packages\\PyInstaller\\hooks\\pre_safe_import_module'
5348 INFO: Processing standard module hook 'hook-importlib_resources.py' from 'C:\\Users\\Zzy\\AppData\\Local\\Programs\\Python\\Python312\\Lib\\site-packages\\PyInstaller\\hooks'
5372 INFO: Processing pre-safe-import-module hook 'hook-zipp.py' from 'C:\\Users\\Zzy\\AppData\\Local\\Programs\\Python\\Python312\\Lib\\site-packages\\PyInstaller\\hooks\\pre_safe_import_module'
5373 INFO: Setuptools: 'zipp' appears to be a setuptools-vendored copy - creating alias to 'setuptools._vendor.zipp'!
5386 INFO: Processing pre-safe-import-module hook 'hook-jaraco.context.py' from 'C:\\Users\\Zzy\\AppData\\Local\\Programs\\Python\\Python312\\Lib\\site-packages\\PyInstaller\\hooks\\pre_safe_import_module'
5509 INFO: Processing pre-safe-import-module hook 'hook-backports.py' from 'C:\\Users\\Zzy\\AppData\\Local\\Programs\\Python\\Python312\\Lib\\site-packages\\PyInstaller\\hooks\\pre_safe_import_module'
5509 INFO: Setuptools: 'backports' appears to be a full setuptools-vendored copy - creating alias to 'setuptools._vendor.backports'!
5620 INFO: Processing pre-safe-import-module hook 'hook-importlib_metadata.py' from 'C:\\Users\\Zzy\\AppData\\Local\\Programs\\Python\\Python312\\Lib\\site-packages\\PyInstaller\\hooks\\pre_safe_import_module'
5620 INFO: Setuptools: 'importlib_metadata' appears to be a setuptools-vendored copy - creating alias to 'setuptools._vendor.importlib_metadata'!
5641 INFO: Processing standard module hook 'hook-setuptools._vendor.importlib_metadata.py' from 'C:\\Users\\Zzy\\AppData\\Local\\Programs\\Python\\Python312\\Lib\\site-packages\\PyInstaller\\hooks'
6118 INFO: Processing pre-safe-import-module hook 'hook-wheel.py' from 'C:\\Users\\Zzy\\AppData\\Local\\Programs\\Python\\Python312\\Lib\\site-packages\\PyInstaller\\hooks\\pre_safe_import_module'
6119 INFO: Setuptools: 'wheel' appears to be a setuptools-vendored copy - creating alias to 'setuptools._vendor.wheel'!
6199 INFO: Processing pre-find-module-path hook 'hook-tkinter.py' from 'C:\\Users\\Zzy\\AppData\\Local\\Programs\\Python\\Python312\\Lib\\site-packages\\PyInstaller\\hooks\\pre_find_module_path'
6200 INFO: TclTkInfo: initializing cached Tcl/Tk info...
6453 INFO: Processing standard module hook 'hook-_tkinter.py' from 'C:\\Users\\Zzy\\AppData\\Local\\Programs\\Python\\Python312\\Lib\\site-packages\\PyInstaller\\hooks'
6458 INFO: Processing standard module hook 'hook-customtkinter.py' from 'C:\\Users\\Zzy\\AppData\\Local\\Programs\\Python\\Python312\\Lib\\site-packages\\_pyinstaller_hooks_contrib\\stdhooks'
6697 INFO: Processing standard module hook 'hook-PIL.py' from 'C:\\Users\\Zzy\\AppData\\Local\\Programs\\Python\\Python312\\Lib\\site-packages\\PyInstaller\\hooks'
6763 INFO: Processing standard module hook 'hook-PIL.Image.py' from 'C:\\Users\\Zzy\\AppData\\Local\\Programs\\Python\\Python312\\Lib\\site-packages\\PyInstaller\\hooks'
7051 INFO: Processing standard module hook 'hook-xml.etree.cElementTree.py' from 'C:\\Users\\Zzy\\AppData\\Local\\Programs\\Python\\Python312\\Lib\\site-packages\\PyInstaller\\hooks'
7165 INFO: Processing standard module hook 'hook-PIL.ImageFilter.py' from 'C:\\Users\\Zzy\\AppData\\Local\\Programs\\Python\\Python312\\Lib\\site-packages\\PyInstaller\\hooks'
7544 INFO: Processing standard module hook 'hook-pystray.py' from 'C:\\Users\\Zzy\\AppData\\Local\\Programs\\Python\\Python312\\Lib\\site-packages\\_pyinstaller_hooks_contrib\\stdhooks'
7795 INFO: Processing pre-safe-import-module hook 'hook-six.moves.py' from 'C:\\Users\\Zzy\\AppData\\Local\\Programs\\Python\\Python312\\Lib\\site-packages\\PyInstaller\\hooks\\pre_safe_import_module'
7845 INFO: Processing pre-safe-import-module hook 'hook-gi.py' from 'C:\\Users\\Zzy\\AppData\\Local\\Programs\\Python\\Python312\\Lib\\site-packages\\PyInstaller\\hooks\\pre_safe_import_module'
8071 INFO: Processing standard module hook 'hook-cryptography.py' from 'C:\\Users\\Zzy\\AppData\\Local\\Programs\\Python\\Python312\\Lib\\site-packages\\_pyinstaller_hooks_contrib\\stdhooks'
9166 INFO: hook-cryptography: cryptography does not seem to be using dynamically linked OpenSSL.
9644 INFO: Processing standard module hook 'hook-difflib.py' from 'C:\\Users\\Zzy\\AppData\\Local\\Programs\\Python\\Python312\\Lib\\site-packages\\PyInstaller\\hooks'
9786 INFO: Processing standard module hook 'hook-bcrypt.py' from 'C:\\Users\\Zzy\\AppData\\Local\\Programs\\Python\\Python312\\Lib\\site-packages\\_pyinstaller_hooks_contrib\\stdhooks'
9888 INFO: Processing standard module hook 'hook-nacl.py' from 'C:\\Users\\Zzy\\AppData\\Local\\Programs\\Python\\Python312\\Lib\\site-packages\\_pyinstaller_hooks_contrib\\stdhooks'
11010 INFO: Processing standard module hook 'hook-webbrowser.py' from 'C:\\Users\\Zzy\\AppData\\Local\\Programs\\Python\\Python312\\Lib\\site-packages\\PyInstaller\\hooks'
11062 INFO: Processing standard module hook 'hook-sqlite3.py' from 'C:\\Users\\Zzy\\AppData\\Local\\Programs\\Python\\Python312\\Lib\\site-packages\\PyInstaller\\hooks'
11295 INFO: Analyzing hidden import 'PIL._tkinter_finder'
11296 INFO: Analyzing hidden import 'keyring.backends.Windows'
11297 INFO: Processing standard module hook 'hook-keyring.py' from 'C:\\Users\\Zzy\\AppData\\Local\\Programs\\Python\\Python312\\Lib\\site-packages\\PyInstaller\\hooks'
11725 INFO: Processing standard module hook 'hook-win32ctypes.core.py' from 'C:\\Users\\Zzy\\AppData\\Local\\Programs\\Python\\Python312\\Lib\\site-packages\\PyInstaller\\hooks'
12406 INFO: Processing standard module hook 'hook-pycparser.py' from 'C:\\Users\\Zzy\\AppData\\Local\\Programs\\Python\\Python312\\Lib\\site-packages\\_pyinstaller_hooks_contrib\\stdhooks'
12882 INFO: Processing standard module hook 'hook-pywintypes.py' from 'C:\\Users\\Zzy\\AppData\\Local\\Programs\\Python\\Python312\\Lib\\site-packages\\_pyinstaller_hooks_contrib\\stdhooks'
12936 INFO: Analyzing hidden import 'ui.tabs.claude_tab'
13068 INFO: Analyzing hidden import 'ui.tabs.codex_tab'
13087 INFO: Analyzing hidden import 'ui.tabs.env_tab'
13106 INFO: Analyzing hidden import 'ui.tabs.browser_tab'
13140 INFO: Analyzing hidden import 'ui.tabs.session_migration_tab'
13171 INFO: Analyzing hidden import 'ui.tabs.ssh_tab'
13657 INFO: Analyzing hidden import 'ui.tabs.local_proxy_tab'
13800 INFO: Analyzing hidden import 'ui.tabs.common_tab'
13818 INFO: Analyzing hidden import 'ui.tabs.usage_stats_tab'
13838 INFO: Analyzing hidden import 'ui.tabs.backup_tab'
13857 INFO: Analyzing hidden import 'ui.tabs.log_viewer_tab'
13869 INFO: Analyzing hidden import 'core.api_config_parser'
13898 INFO: Analyzing hidden import 'core.auto_continue.error_parser'
13906 INFO: Analyzing hidden import 'core.local_config_bundle'
13937 INFO: Analyzing hidden import 'core.network_diagnostics'
14002 INFO: Analyzing hidden import 'core.remote_auto_continue'
14057 INFO: Analyzing hidden import 'core.remote_git_login'
14081 INFO: Analyzing hidden import 'core.session_migration'
14146 INFO: Analyzing hidden import 'core.sync_manager'
14196 INFO: Analyzing hidden import 'ui.dialogs.account_transfer_dialog'
14208 INFO: Analyzing hidden import 'ui.dialogs.browser_profile_editor'
14218 INFO: Analyzing hidden import 'ui.dialogs.bulk_operation_result_dialog'
14220 INFO: Analyzing hidden import 'ui.dialogs.danger_confirm_dialog'
14222 INFO: Analyzing hidden import 'ui.dialogs.password_dialog'
14226 INFO: Analyzing hidden import 'ui.dialogs.portable_export_selection_dialog'
14231 INFO: Analyzing hidden import 'ui.dialogs.profile_editor'
14265 INFO: Analyzing hidden import 'ui.widgets.search_bar'
14268 INFO: Processing module hooks (post-graph stage)...
14269 WARNING: Hidden import "pycparser.lextab" not found!
14269 WARNING: Hidden import "pycparser.yacctab" not found!
14275 WARNING: Hidden import "importlib_resources.trees" not found!
14477 INFO: Processing standard module hook 'hook-PIL.SpiderImagePlugin.py' from 'C:\\Users\\Zzy\\AppData\\Local\\Programs\\Python\\Python312\\Lib\\site-packages\\PyInstaller\\hooks'
14580 INFO: Processing standard module hook 'hook-_tkinter.py' from 'C:\\Users\\Zzy\\AppData\\Local\\Programs\\Python\\Python312\\Lib\\site-packages\\PyInstaller\\hooks'
14591 INFO: Performing binary vs. data reclassification (966 entries)
14665 INFO: Looking for ctypes DLLs
14675 WARNING: Ignoring AppKit.framework/AppKit imported from C:\Users\Zzy\AppData\Local\Programs\Python\Python312\Lib\site-packages\darkdetect\_mac_detect.py - only basenames are supported with ctypes imports!
14750 INFO: Analyzing run-time hooks ...
14752 INFO: Including run-time hook 'pyi_rth_inspect.py' from 'C:\\Users\\Zzy\\AppData\\Local\\Programs\\Python\\Python312\\Lib\\site-packages\\PyInstaller\\hooks\\rthooks'
14755 INFO: Including run-time hook 'pyi_rth_pkgutil.py' from 'C:\\Users\\Zzy\\AppData\\Local\\Programs\\Python\\Python312\\Lib\\site-packages\\PyInstaller\\hooks\\rthooks'
14757 INFO: Including run-time hook 'pyi_rth_multiprocessing.py' from 'C:\\Users\\Zzy\\AppData\\Local\\Programs\\Python\\Python312\\Lib\\site-packages\\PyInstaller\\hooks\\rthooks'
14758 INFO: Including run-time hook 'pyi_rth__tkinter.py' from 'C:\\Users\\Zzy\\AppData\\Local\\Programs\\Python\\Python312\\Lib\\site-packages\\PyInstaller\\hooks\\rthooks'
14759 INFO: Including run-time hook 'pyi_rth_setuptools.py' from 'C:\\Users\\Zzy\\AppData\\Local\\Programs\\Python\\Python312\\Lib\\site-packages\\PyInstaller\\hooks\\rthooks'
14761 INFO: Including run-time hook 'pyi_rth_cryptography_openssl.py' from 'C:\\Users\\Zzy\\AppData\\Local\\Programs\\Python\\Python312\\Lib\\site-packages\\_pyinstaller_hooks_contrib\\rthooks'
14762 INFO: Including run-time hook 'pyi_rth_pywintypes.py' from 'C:\\Users\\Zzy\\AppData\\Local\\Programs\\Python\\Python312\\Lib\\site-packages\\_pyinstaller_hooks_contrib\\rthooks'
14790 INFO: Creating base_library.zip...
14802 INFO: Looking for dynamic libraries
15309 INFO: Extra DLL search directories (AddDllDirectory): []
15309 INFO: Extra DLL search directories (PATH): []
15844 INFO: Warnings written to C:\Users\Zzy\Desktop\Tools\API切换器\build\API切换器\warn-API切换器.txt
15902 INFO: Graph cross-reference written to C:\Users\Zzy\Desktop\Tools\API切换器\build\API切换器\xref-API切换器.html
15949 INFO: checking PYZ
15950 INFO: Building PYZ because PYZ-00.toc is non existent
15950 INFO: Building PYZ (ZlibArchive) C:\Users\Zzy\Desktop\Tools\API切换器\build\API切换器\PYZ-00.pyz
16694 INFO: Building PYZ (ZlibArchive) C:\Users\Zzy\Desktop\Tools\API切换器\build\API切换器\PYZ-00.pyz completed successfully.
16720 INFO: checking PKG
16720 INFO: Building PKG because PKG-00.toc is non existent
16720 INFO: Building PKG (CArchive) API切换器.pkg
22140 INFO: Building PKG (CArchive) API切换器.pkg completed successfully.
22154 INFO: Bootloader C:\Users\Zzy\AppData\Local\Programs\Python\Python312\Lib\site-packages\PyInstaller\bootloader\Windows-64bit-intel\runw.exe
22154 INFO: checking EXE
22154 INFO: Building EXE because EXE-00.toc is non existent
22154 INFO: Building EXE from EXE-00.toc
22155 INFO: Copying bootloader EXE to C:\Users\Zzy\Desktop\Tools\API切换器\dist\API切换器.exe
22163 INFO: Copying icon to EXE
22171 INFO: Copying version information to EXE
22349 INFO: Copying 0 resources to EXE
22349 INFO: Embedding manifest in EXE
22531 INFO: Appending PKG archive to EXE
22550 INFO: Fixing EXE headers
22664 INFO: Building EXE from EXE-00.toc completed successfully.
22679 INFO: Build complete! The results are available in: C:\Users\Zzy\Desktop\Tools\API切换器\dist
Smoke test passed: packaged app stayed running.

Build complete: C:\Users\Zzy\Desktop\Tools\API切换器\dist\API切换器.exe
