================================================================================
API Switcher build tool
Bundle mode: onefile
================================================================================
PyInstaller is installed.
Spec file written: API切换器.spec (onefile)

Starting PyInstaller build...

576 INFO: PyInstaller: 6.21.0, contrib hooks: 2026.6
576 INFO: Python: 3.12.10
617 INFO: Platform: Windows-11-10.0.26200-SP0
617 INFO: Python environment: C:\Users\Zzy\AppData\Local\Programs\Python\Python312
621 INFO: Removing temporary files and cleaning cache in C:\Users\Zzy\AppData\Local\pyinstaller
624 INFO: Module search paths (PYTHONPATH):
['C:\\Users\\Zzy\\Desktop\\Tools\\API切换器',
 'C:\\Users\\Zzy\\AppData\\Local\\Programs\\Python\\Python312\\python312.zip',
 'C:\\Users\\Zzy\\AppData\\Local\\Programs\\Python\\Python312\\DLLs',
 'C:\\Users\\Zzy\\AppData\\Local\\Programs\\Python\\Python312\\Lib',
 'C:\\Users\\Zzy\\AppData\\Local\\Programs\\Python\\Python312',
 'C:\\Users\\Zzy\\AppData\\Roaming\\Python\\Python312\\site-packages',
 'C:\\Users\\Zzy\\AppData\\Local\\Programs\\Python\\Python312\\Lib\\site-packages',
 'C:\\Users\\Zzy\\AppData\\Local\\Programs\\Python\\Python312\\Lib\\site-packages\\win32',
 'C:\\Users\\Zzy\\AppData\\Local\\Programs\\Python\\Python312\\Lib\\site-packages\\win32\\lib',
 'C:\\Users\\Zzy\\AppData\\Local\\Programs\\Python\\Python312\\Lib\\site-packages\\Pythonwin',
 'C:\\Users\\Zzy\\Desktop\\Tools\\API切换器']
1672 INFO: Appending 'datas' from .spec
1672 INFO: checking Analysis
1672 INFO: Building Analysis because Analysis-00.toc is non existent
1672 INFO: Looking for Python shared library...
1672 INFO: Using Python shared library: C:\Users\Zzy\AppData\Local\Programs\Python\Python312\python312.dll
1672 INFO: Running Analysis Analysis-00.toc
1672 INFO: Target bytecode optimization level: 0
1672 INFO: Initializing module dependency graph...
1674 INFO: Initializing module graph hook caches...
1719 INFO: Analyzing modules for base_library.zip ...
2856 INFO: Processing standard module hook 'hook-encodings.py' from 'C:\\Users\\Zzy\\AppData\\Local\\Programs\\Python\\Python312\\Lib\\site-packages\\PyInstaller\\hooks'
3195 INFO: Processing standard module hook 'hook-math.py' from 'C:\\Users\\Zzy\\AppData\\Local\\Programs\\Python\\Python312\\Lib\\site-packages\\PyInstaller\\hooks'
4222 INFO: Processing standard module hook 'hook-pickle.py' from 'C:\\Users\\Zzy\\AppData\\Local\\Programs\\Python\\Python312\\Lib\\site-packages\\PyInstaller\\hooks'
5230 INFO: Processing standard module hook 'hook-heapq.py' from 'C:\\Users\\Zzy\\AppData\\Local\\Programs\\Python\\Python312\\Lib\\site-packages\\PyInstaller\\hooks'
5778 INFO: Caching module dependency graph...
5807 INFO: Analyzing C:\Users\Zzy\Desktop\Tools\API切换器\main.py
5871 INFO: Processing standard module hook 'hook-platform.py' from 'C:\\Users\\Zzy\\AppData\\Local\\Programs\\Python\\Python312\\Lib\\site-packages\\PyInstaller\\hooks'
6487 INFO: Processing pre-safe-import-module hook 'hook-tomli.py' from 'C:\\Users\\Zzy\\AppData\\Local\\Programs\\Python\\Python312\\Lib\\site-packages\\PyInstaller\\hooks\\pre_safe_import_module'
6491 INFO: SetuptoolsInfo: initializing cached setuptools info...
7369 INFO: Setuptools: 'tomli' appears to be a setuptools-vendored copy - creating alias to 'setuptools._vendor.tomli'!
7377 INFO: Processing standard module hook 'hook-setuptools.py' from 'C:\\Users\\Zzy\\AppData\\Local\\Programs\\Python\\Python312\\Lib\\site-packages\\PyInstaller\\hooks'
7398 INFO: Processing pre-safe-import-module hook 'hook-distutils.py' from 'C:\\Users\\Zzy\\AppData\\Local\\Programs\\Python\\Python312\\Lib\\site-packages\\PyInstaller\\hooks\\pre_safe_import_module'
7458 INFO: Processing standard module hook 'hook-sysconfig.py' from 'C:\\Users\\Zzy\\AppData\\Local\\Programs\\Python\\Python312\\Lib\\site-packages\\PyInstaller\\hooks'
7467 INFO: Processing pre-safe-import-module hook 'hook-jaraco.py' from 'C:\\Users\\Zzy\\AppData\\Local\\Programs\\Python\\Python312\\Lib\\site-packages\\PyInstaller\\hooks\\pre_safe_import_module'
7469 INFO: Setuptools: 'jaraco' appears to be a partial setuptools-vendored copy - extending search paths to ['C:\\Users\\Zzy\\AppData\\Local\\Programs\\Python\\Python312\\Lib\\site-packages\\jaraco', 'C:\\Users\\Zzy\\AppData\\Local\\Programs\\Python\\Python312\\Lib\\site-packages\\setuptools\\_vendor\\jaraco']!
7469 INFO: Processing pre-safe-import-module hook 'hook-jaraco.functools.py' from 'C:\\Users\\Zzy\\AppData\\Local\\Programs\\Python\\Python312\\Lib\\site-packages\\PyInstaller\\hooks\\pre_safe_import_module'
7482 INFO: Processing pre-safe-import-module hook 'hook-more_itertools.py' from 'C:\\Users\\Zzy\\AppData\\Local\\Programs\\Python\\Python312\\Lib\\site-packages\\PyInstaller\\hooks\\pre_safe_import_module'
7648 INFO: Processing pre-safe-import-module hook 'hook-typing_extensions.py' from 'C:\\Users\\Zzy\\AppData\\Local\\Programs\\Python\\Python312\\Lib\\site-packages\\PyInstaller\\hooks\\pre_safe_import_module'
7872 INFO: Processing standard module hook 'hook-multiprocessing.util.py' from 'C:\\Users\\Zzy\\AppData\\Local\\Programs\\Python\\Python312\\Lib\\site-packages\\PyInstaller\\hooks'
8020 INFO: Processing standard module hook 'hook-xml.py' from 'C:\\Users\\Zzy\\AppData\\Local\\Programs\\Python\\Python312\\Lib\\site-packages\\PyInstaller\\hooks'
8258 INFO: Processing standard module hook 'hook-_ctypes.py' from 'C:\\Users\\Zzy\\AppData\\Local\\Programs\\Python\\Python312\\Lib\\site-packages\\PyInstaller\\hooks'
8743 INFO: Processing pre-safe-import-module hook 'hook-packaging.py' from 'C:\\Users\\Zzy\\AppData\\Local\\Programs\\Python\\Python312\\Lib\\site-packages\\PyInstaller\\hooks\\pre_safe_import_module'
8951 INFO: Processing pre-safe-import-module hook 'hook-jaraco.text.py' from 'C:\\Users\\Zzy\\AppData\\Local\\Programs\\Python\\Python312\\Lib\\site-packages\\PyInstaller\\hooks\\pre_safe_import_module'
8953 INFO: Setuptools: 'jaraco.text' appears to be a setuptools-vendored copy - creating alias to 'setuptools._vendor.jaraco.text'!
8966 INFO: Processing standard module hook 'hook-setuptools._vendor.jaraco.text.py' from 'C:\\Users\\Zzy\\AppData\\Local\\Programs\\Python\\Python312\\Lib\\site-packages\\PyInstaller\\hooks'
8969 INFO: Processing pre-safe-import-module hook 'hook-importlib_resources.py' from 'C:\\Users\\Zzy\\AppData\\Local\\Programs\\Python\\Python312\\Lib\\site-packages\\PyInstaller\\hooks\\pre_safe_import_module'
8973 INFO: Processing standard module hook 'hook-importlib_resources.py' from 'C:\\Users\\Zzy\\AppData\\Local\\Programs\\Python\\Python312\\Lib\\site-packages\\PyInstaller\\hooks'
9011 INFO: Processing pre-safe-import-module hook 'hook-zipp.py' from 'C:\\Users\\Zzy\\AppData\\Local\\Programs\\Python\\Python312\\Lib\\site-packages\\PyInstaller\\hooks\\pre_safe_import_module'
9013 INFO: Setuptools: 'zipp' appears to be a setuptools-vendored copy - creating alias to 'setuptools._vendor.zipp'!
9037 INFO: Processing pre-safe-import-module hook 'hook-jaraco.context.py' from 'C:\\Users\\Zzy\\AppData\\Local\\Programs\\Python\\Python312\\Lib\\site-packages\\PyInstaller\\hooks\\pre_safe_import_module'
9231 INFO: Processing pre-safe-import-module hook 'hook-backports.py' from 'C:\\Users\\Zzy\\AppData\\Local\\Programs\\Python\\Python312\\Lib\\site-packages\\PyInstaller\\hooks\\pre_safe_import_module'
9232 INFO: Setuptools: 'backports' appears to be a full setuptools-vendored copy - creating alias to 'setuptools._vendor.backports'!
9420 INFO: Processing pre-safe-import-module hook 'hook-importlib_metadata.py' from 'C:\\Users\\Zzy\\AppData\\Local\\Programs\\Python\\Python312\\Lib\\site-packages\\PyInstaller\\hooks\\pre_safe_import_module'
9423 INFO: Setuptools: 'importlib_metadata' appears to be a setuptools-vendored copy - creating alias to 'setuptools._vendor.importlib_metadata'!
9450 INFO: Processing standard module hook 'hook-setuptools._vendor.importlib_metadata.py' from 'C:\\Users\\Zzy\\AppData\\Local\\Programs\\Python\\Python312\\Lib\\site-packages\\PyInstaller\\hooks'
10338 INFO: Processing pre-safe-import-module hook 'hook-wheel.py' from 'C:\\Users\\Zzy\\AppData\\Local\\Programs\\Python\\Python312\\Lib\\site-packages\\PyInstaller\\hooks\\pre_safe_import_module'
10340 INFO: Setuptools: 'wheel' appears to be a setuptools-vendored copy - creating alias to 'setuptools._vendor.wheel'!
10437 INFO: Processing pre-find-module-path hook 'hook-tkinter.py' from 'C:\\Users\\Zzy\\AppData\\Local\\Programs\\Python\\Python312\\Lib\\site-packages\\PyInstaller\\hooks\\pre_find_module_path'
10466 INFO: TclTkInfo: initializing cached Tcl/Tk info...
10751 INFO: Processing standard module hook 'hook-_tkinter.py' from 'C:\\Users\\Zzy\\AppData\\Local\\Programs\\Python\\Python312\\Lib\\site-packages\\PyInstaller\\hooks'
10764 INFO: Processing standard module hook 'hook-customtkinter.py' from 'C:\\Users\\Zzy\\AppData\\Local\\Programs\\Python\\Python312\\Lib\\site-packages\\_pyinstaller_hooks_contrib\\stdhooks'
11145 INFO: Processing standard module hook 'hook-PIL.py' from 'C:\\Users\\Zzy\\AppData\\Local\\Programs\\Python\\Python312\\Lib\\site-packages\\PyInstaller\\hooks'
11243 INFO: Processing standard module hook 'hook-PIL.Image.py' from 'C:\\Users\\Zzy\\AppData\\Local\\Programs\\Python\\Python312\\Lib\\site-packages\\PyInstaller\\hooks'
11597 INFO: Processing standard module hook 'hook-xml.etree.cElementTree.py' from 'C:\\Users\\Zzy\\AppData\\Local\\Programs\\Python\\Python312\\Lib\\site-packages\\PyInstaller\\hooks'
11792 INFO: Processing standard module hook 'hook-PIL.ImageFilter.py' from 'C:\\Users\\Zzy\\AppData\\Local\\Programs\\Python\\Python312\\Lib\\site-packages\\PyInstaller\\hooks'
12332 INFO: Processing standard module hook 'hook-pystray.py' from 'C:\\Users\\Zzy\\AppData\\Local\\Programs\\Python\\Python312\\Lib\\site-packages\\_pyinstaller_hooks_contrib\\stdhooks'
12604 INFO: Processing pre-safe-import-module hook 'hook-six.moves.py' from 'C:\\Users\\Zzy\\AppData\\Local\\Programs\\Python\\Python312\\Lib\\site-packages\\PyInstaller\\hooks\\pre_safe_import_module'
12660 INFO: Processing pre-safe-import-module hook 'hook-gi.py' from 'C:\\Users\\Zzy\\AppData\\Local\\Programs\\Python\\Python312\\Lib\\site-packages\\PyInstaller\\hooks\\pre_safe_import_module'
12964 INFO: Processing standard module hook 'hook-cryptography.py' from 'C:\\Users\\Zzy\\AppData\\Local\\Programs\\Python\\Python312\\Lib\\site-packages\\_pyinstaller_hooks_contrib\\stdhooks'
14104 INFO: hook-cryptography: cryptography does not seem to be using dynamically linked OpenSSL.
14893 INFO: Processing standard module hook 'hook-difflib.py' from 'C:\\Users\\Zzy\\AppData\\Local\\Programs\\Python\\Python312\\Lib\\site-packages\\PyInstaller\\hooks'
15127 INFO: Processing standard module hook 'hook-bcrypt.py' from 'C:\\Users\\Zzy\\AppData\\Local\\Programs\\Python\\Python312\\Lib\\site-packages\\_pyinstaller_hooks_contrib\\stdhooks'
15299 INFO: Processing standard module hook 'hook-nacl.py' from 'C:\\Users\\Zzy\\AppData\\Local\\Programs\\Python\\Python312\\Lib\\site-packages\\_pyinstaller_hooks_contrib\\stdhooks'
16663 INFO: Processing standard module hook 'hook-webbrowser.py' from 'C:\\Users\\Zzy\\AppData\\Local\\Programs\\Python\\Python312\\Lib\\site-packages\\PyInstaller\\hooks'
16724 INFO: Processing standard module hook 'hook-sqlite3.py' from 'C:\\Users\\Zzy\\AppData\\Local\\Programs\\Python\\Python312\\Lib\\site-packages\\PyInstaller\\hooks'
16962 INFO: Analyzing hidden import 'PIL._tkinter_finder'
16965 INFO: Analyzing hidden import 'keyring.backends.Windows'
16967 INFO: Processing standard module hook 'hook-keyring.py' from 'C:\\Users\\Zzy\\AppData\\Local\\Programs\\Python\\Python312\\Lib\\site-packages\\PyInstaller\\hooks'
17457 INFO: Processing standard module hook 'hook-win32ctypes.core.py' from 'C:\\Users\\Zzy\\AppData\\Local\\Programs\\Python\\Python312\\Lib\\site-packages\\PyInstaller\\hooks'
18248 INFO: Processing standard module hook 'hook-pycparser.py' from 'C:\\Users\\Zzy\\AppData\\Local\\Programs\\Python\\Python312\\Lib\\site-packages\\_pyinstaller_hooks_contrib\\stdhooks'
19215 INFO: Processing standard module hook 'hook-pywintypes.py' from 'C:\\Users\\Zzy\\AppData\\Local\\Programs\\Python\\Python312\\Lib\\site-packages\\_pyinstaller_hooks_contrib\\stdhooks'
19278 INFO: Analyzing hidden import 'ui.tabs.claude_tab'
19418 INFO: Analyzing hidden import 'ui.tabs.codex_tab'
19438 INFO: Analyzing hidden import 'ui.tabs.env_tab'
19456 INFO: Analyzing hidden import 'ui.tabs.browser_tab'
19483 INFO: Analyzing hidden import 'ui.tabs.session_migration_tab'
19515 INFO: Analyzing hidden import 'ui.tabs.ssh_tab'
19988 INFO: Analyzing hidden import 'ui.tabs.local_proxy_tab'
20129 INFO: Analyzing hidden import 'ui.tabs.common_tab'
20145 INFO: Analyzing hidden import 'ui.tabs.usage_stats_tab'
20164 INFO: Analyzing hidden import 'ui.tabs.backup_tab'
20182 INFO: Analyzing hidden import 'ui.tabs.log_viewer_tab'
20194 INFO: Analyzing hidden import 'core.api_config_parser'
20221 INFO: Analyzing hidden import 'core.auto_continue.error_parser'
20231 INFO: Analyzing hidden import 'core.local_config_bundle'
20264 INFO: Analyzing hidden import 'core.network_diagnostics'
20327 INFO: Analyzing hidden import 'core.remote_auto_continue'
20379 INFO: Analyzing hidden import 'core.remote_git_login'
20404 INFO: Analyzing hidden import 'core.session_migration'
20464 INFO: Analyzing hidden import 'core.sync_manager'
20510 INFO: Analyzing hidden import 'ui.dialogs.account_transfer_dialog'
20521 INFO: Analyzing hidden import 'ui.dialogs.browser_profile_editor'
20530 INFO: Analyzing hidden import 'ui.dialogs.bulk_operation_result_dialog'
20532 INFO: Analyzing hidden import 'ui.dialogs.danger_confirm_dialog'
20535 INFO: Analyzing hidden import 'ui.dialogs.password_dialog'
20538 INFO: Analyzing hidden import 'ui.dialogs.portable_export_selection_dialog'
20543 INFO: Analyzing hidden import 'ui.dialogs.profile_editor'
20579 INFO: Analyzing hidden import 'ui.widgets.search_bar'
20582 INFO: Processing module hooks (post-graph stage)...
20583 WARNING: Hidden import "pycparser.lextab" not found!
20583 WARNING: Hidden import "pycparser.yacctab" not found!
20601 WARNING: Hidden import "importlib_resources.trees" not found!
20928 INFO: Processing standard module hook 'hook-PIL.SpiderImagePlugin.py' from 'C:\\Users\\Zzy\\AppData\\Local\\Programs\\Python\\Python312\\Lib\\site-packages\\PyInstaller\\hooks'
21153 INFO: Processing standard module hook 'hook-_tkinter.py' from 'C:\\Users\\Zzy\\AppData\\Local\\Programs\\Python\\Python312\\Lib\\site-packages\\PyInstaller\\hooks'
21164 INFO: Performing binary vs. data reclassification (966 entries)
21353 INFO: Looking for ctypes DLLs
21364 WARNING: Ignoring AppKit.framework/AppKit imported from C:\Users\Zzy\AppData\Local\Programs\Python\Python312\Lib\site-packages\darkdetect\_mac_detect.py - only basenames are supported with ctypes imports!
21440 INFO: Analyzing run-time hooks ...
21443 INFO: Including run-time hook 'pyi_rth_inspect.py' from 'C:\\Users\\Zzy\\AppData\\Local\\Programs\\Python\\Python312\\Lib\\site-packages\\PyInstaller\\hooks\\rthooks'
21449 INFO: Including run-time hook 'pyi_rth_pkgutil.py' from 'C:\\Users\\Zzy\\AppData\\Local\\Programs\\Python\\Python312\\Lib\\site-packages\\PyInstaller\\hooks\\rthooks'
21453 INFO: Including run-time hook 'pyi_rth_multiprocessing.py' from 'C:\\Users\\Zzy\\AppData\\Local\\Programs\\Python\\Python312\\Lib\\site-packages\\PyInstaller\\hooks\\rthooks'
21461 INFO: Including run-time hook 'pyi_rth__tkinter.py' from 'C:\\Users\\Zzy\\AppData\\Local\\Programs\\Python\\Python312\\Lib\\site-packages\\PyInstaller\\hooks\\rthooks'
21467 INFO: Including run-time hook 'pyi_rth_setuptools.py' from 'C:\\Users\\Zzy\\AppData\\Local\\Programs\\Python\\Python312\\Lib\\site-packages\\PyInstaller\\hooks\\rthooks'
21471 INFO: Including run-time hook 'pyi_rth_cryptography_openssl.py' from 'C:\\Users\\Zzy\\AppData\\Local\\Programs\\Python\\Python312\\Lib\\site-packages\\_pyinstaller_hooks_contrib\\rthooks'
21475 INFO: Including run-time hook 'pyi_rth_pywintypes.py' from 'C:\\Users\\Zzy\\AppData\\Local\\Programs\\Python\\Python312\\Lib\\site-packages\\_pyinstaller_hooks_contrib\\rthooks'
21503 INFO: Creating base_library.zip...
21517 INFO: Looking for dynamic libraries
22187 INFO: Extra DLL search directories (AddDllDirectory): []
22187 INFO: Extra DLL search directories (PATH): []
22736 INFO: Warnings written to C:\Users\Zzy\Desktop\Tools\API切换器\build\API切换器\warn-API切换器.txt
22799 INFO: Graph cross-reference written to C:\Users\Zzy\Desktop\Tools\API切换器\build\API切换器\xref-API切换器.html
22856 INFO: checking PYZ
22856 INFO: Building PYZ because PYZ-00.toc is non existent
22856 INFO: Building PYZ (ZlibArchive) C:\Users\Zzy\Desktop\Tools\API切换器\build\API切换器\PYZ-00.pyz
23618 INFO: Building PYZ (ZlibArchive) C:\Users\Zzy\Desktop\Tools\API切换器\build\API切换器\PYZ-00.pyz completed successfully.
23665 INFO: checking PKG
23665 INFO: Building PKG because PKG-00.toc is non existent
23665 INFO: Building PKG (CArchive) API切换器.pkg
29046 INFO: Building PKG (CArchive) API切换器.pkg completed successfully.
29059 INFO: Bootloader C:\Users\Zzy\AppData\Local\Programs\Python\Python312\Lib\site-packages\PyInstaller\bootloader\Windows-64bit-intel\runw.exe
29059 INFO: checking EXE
29059 INFO: Building EXE because EXE-00.toc is non existent
29059 INFO: Building EXE from EXE-00.toc
29060 INFO: Copying bootloader EXE to C:\Users\Zzy\Desktop\Tools\API切换器\dist\API切换器.exe
29394 INFO: Copying icon to EXE
29584 INFO: Copying version information to EXE
29769 INFO: Copying 0 resources to EXE
29769 INFO: Embedding manifest in EXE
29955 INFO: Appending PKG archive to EXE
29975 INFO: Fixing EXE headers
30108 INFO: Building EXE from EXE-00.toc completed successfully.
30131 INFO: Build complete! The results are available in: C:\Users\Zzy\Desktop\Tools\API切换器\dist
Smoke test passed: packaged app stayed running.
Removed intermediate: build
Removed intermediate: API切换器.spec

Build complete: C:\Users\Zzy\Desktop\Tools\API切换器\dist\API切换器.exe
