EXCLUDED_NATIVE_MODULES=38
EXCLUDED_NATIVE=test_account_transfer_ui.py
EXCLUDED_NATIVE=test_dpi_layout_ui.py
EXCLUDED_NATIVE=test_legacy_route_cleanup_ui.py
EXCLUDED_NATIVE=test_log_viewer_retention_ui.py
EXCLUDED_NATIVE=test_main_window_layout_ui.py
EXCLUDED_NATIVE=test_optional_migration_password_ui.py
EXCLUDED_NATIVE=test_profile_tab_responsiveness.py
EXCLUDED_NATIVE=test_proxy_lifecycle_ui.py
EXCLUDED_NATIVE=test_proxy_page_disclosure_ui.py
EXCLUDED_NATIVE=test_proxy_picker_responsiveness.py
EXCLUDED_NATIVE=test_proxy_picker_scope_reorder_ui.py
EXCLUDED_NATIVE=test_route_access_choices_ui.py
EXCLUDED_NATIVE=test_route_bulk_clarity_ui.py
EXCLUDED_NATIVE=test_route_bulk_context_ui.py
EXCLUDED_NATIVE=test_route_bulk_simple_ui.py
EXCLUDED_NATIVE=test_route_bulk_ui.py
EXCLUDED_NATIVE=test_route_diagnostics_dialog.py
EXCLUDED_NATIVE=test_route_editor_clarity_ui.py
EXCLUDED_NATIVE=test_route_node_choice_simple_ui.py
EXCLUDED_NATIVE=test_route_node_mode_feedback_ui.py
EXCLUDED_NATIVE=test_route_node_pool_ui.py
EXCLUDED_NATIVE=test_route_overview_simple_ui.py
EXCLUDED_NATIVE=test_route_preflight_ui.py
EXCLUDED_NATIVE=test_route_preset_entry_ui.py
EXCLUDED_NATIVE=test_route_preset_simple_ui.py
EXCLUDED_NATIVE=test_route_preset_ui.py
EXCLUDED_NATIVE=test_route_runtime_overview_ui.py
EXCLUDED_NATIVE=test_route_scope_safety_ui.py
EXCLUDED_NATIVE=test_route_selection_dialogs.py
EXCLUDED_NATIVE=test_route_simple_flow_ui.py
EXCLUDED_NATIVE=test_service_route_defaults_ui.py
EXCLUDED_NATIVE=test_service_route_overview.py
EXCLUDED_NATIVE=test_service_routes_dialog.py
EXCLUDED_NATIVE=test_ssh_compact_layout_ui.py
EXCLUDED_NATIVE=test_subscription_tags_dialog.py
EXCLUDED_NATIVE=test_subscription_tags_tab_entrypoints.py
EXCLUDED_NATIVE=test_ui_render_performance.py
EXCLUDED_NATIVE=test_ui_simplification.py

== pytest ==
C:\Users\Zzy\AppData\Local\Programs\Python\Python312\python.exe -m pytest -q -p no:cacheprovider --ignore=test_account_transfer_ui.py --ignore=test_dpi_layout_ui.py --ignore=test_legacy_route_cleanup_ui.py --ignore=test_log_viewer_retention_ui.py --ignore=test_main_window_layout_ui.py --ignore=test_optional_migration_password_ui.py --ignore=test_profile_tab_responsiveness.py --ignore=test_proxy_lifecycle_ui.py --ignore=test_proxy_page_disclosure_ui.py --ignore=test_proxy_picker_responsiveness.py --ignore=test_proxy_picker_scope_reorder_ui.py --ignore=test_route_access_choices_ui.py --ignore=test_route_bulk_clarity_ui.py --ignore=test_route_bulk_context_ui.py --ignore=test_route_bulk_simple_ui.py --ignore=test_route_bulk_ui.py --ignore=test_route_diagnostics_dialog.py --ignore=test_route_editor_clarity_ui.py --ignore=test_route_node_choice_simple_ui.py --ignore=test_route_node_mode_feedback_ui.py --ignore=test_route_node_pool_ui.py --ignore=test_route_overview_simple_ui.py --ignore=test_route_preflight_ui.py --ignore=test_route_preset_entry_ui.py --ignore=test_route_preset_simple_ui.py --ignore=test_route_preset_ui.py --ignore=test_route_runtime_overview_ui.py --ignore=test_route_scope_safety_ui.py --ignore=test_route_selection_dialogs.py --ignore=test_route_simple_flow_ui.py --ignore=test_service_route_defaults_ui.py --ignore=test_service_route_overview.py --ignore=test_service_routes_dialog.py --ignore=test_ssh_compact_layout_ui.py --ignore=test_subscription_tags_dialog.py --ignore=test_subscription_tags_tab_entrypoints.py --ignore=test_ui_render_performance.py --ignore=test_ui_simplification.py
........................................................................ [  1%]
........................................................................ [  2%]
........................................................................ [  4%]
........................................................................ [  5%]
........................................................................ [  7%]
........................................................................ [  8%]
........................................................................ [  9%]
........................................................................ [ 11%]
........................................................................ [ 12%]
......................................sssssssssssssssssssss............. [ 14%]
........................................................................ [ 15%]
........................................................................ [ 17%]
........................................................................ [ 18%]
........................................................................ [ 19%]
........................................................................ [ 21%]
........................................................................ [ 22%]
........................................................................ [ 24%]
........................................................................ [ 25%]
........................................................................ [ 26%]
........................................................................ [ 28%]
........................................................................ [ 29%]
........................................................................ [ 31%]
............................................F.F......................... [ 32%]
........................................................................ [ 34%]
........................................................................ [ 35%]
........................................................................ [ 36%]
........................................................................ [ 38%]
........................................................................ [ 39%]
........................................................................ [ 41%]
........................................................................ [ 42%]
........................................................................ [ 44%]
........................................................................ [ 45%]
........................................................................ [ 46%]
........................................................................ [ 48%]
........................................................................ [ 49%]
........................................................................ [ 51%]
........................................................................ [ 52%]
........................................................................ [ 53%]
........................................................................ [ 55%]
........................................................................ [ 56%]
........................................................................ [ 58%]
........................................................................ [ 59%]
........................................................................ [ 61%]
........................................................................ [ 62%]
........................................................................ [ 63%]
........................................................................ [ 65%]
........................................................................ [ 66%]
........................................................................ [ 68%]
........................................................................ [ 69%]
........................................................................ [ 71%]
........................................................................ [ 72%]
........................................................................ [ 73%]
........................................................................ [ 75%]
........................................................................ [ 76%]
........................................................................ [ 78%]
........................................................................ [ 79%]
........................................................................ [ 80%]
........................................................................ [ 82%]
........................................................................ [ 83%]
........................................................................ [ 85%]
........................................................................ [ 86%]
........................................................................ [ 88%]
........................................................................ [ 89%]
........................................................................ [ 90%]
........................................................................ [ 92%]
........................................................................ [ 93%]
........................................................................ [ 95%]
........................................................................ [ 96%]
........................................................................ [ 98%]
........................................................................ [ 99%]
............................                                             [100%]
================================== FAILURES ===================================
__________ test_codex_tab_import_does_not_eagerly_load_profile_cores __________

    def test_codex_tab_import_does_not_eagerly_load_profile_cores():
>       _run_import_check(
            "ui.tabs.codex_tab",
            (
                "core.profile_manager",
                "core.providers",
                "ui.dialogs.profile_editor",
                "models.profile",
                "core.security",
                "keyring",
            ),
        )

test_local_proxy_tab_lazy_imports.py:154:
_ _ _ _ _ _ _ _ _ _ _ _ _ _ _ _ _ _ _ _ _ _ _ _ _ _ _ _ _ _ _ _ _ _ _ _ _ _ _ _

module_name = 'ui.tabs.codex_tab'
forbidden = ('core.profile_manager', 'core.providers', 'ui.dialogs.profile_editor', 'models.profile', 'core.security', 'keyring')

    def _run_import_check(module_name: str, forbidden: tuple[str, ...]):
        checks = "\n".join(
            f'if {name!r} in sys.modules: raise SystemExit("eager import: {name}")'
            for name in forbidden
        )
        code = f"""
    import sys
    import {module_name}  # noqa: F401

    {checks}
    """
        result = subprocess.run(
            [sys.executable, "-c", code],
            text=True,
            capture_output=True,
            timeout=20,
        )
>       assert result.returncode == 0, result.stderr or result.stdout
E       AssertionError:
E       assert 3221227274 == 0
E        +  where 3221227274 = CompletedProcess(args=['C:\\Users\\Zzy\\AppData\\Local\\Programs\\Python\\Python312\\python.exe', '-c', '\nimport sys\...\'keyring\' in sys.modules: raise SystemExit("eager import: keyring")\n'], returncode=3221227274, stdout='', stderr='').returncode

test_local_proxy_tab_lazy_imports.py:22: AssertionError
_____ test_proxy_quality_panel_import_does_not_eagerly_load_network_cores _____

    def test_proxy_quality_panel_import_does_not_eagerly_load_network_cores():
>       _run_import_check(
            "ui.widgets.proxy_quality_panel",
            (
                "core.network_diagnostic_settings",
                "core.network_diagnostics",
                "core.security",
                "urllib.request",
                "keyring",
            ),
        )

test_local_proxy_tab_lazy_imports.py:182:
_ _ _ _ _ _ _ _ _ _ _ _ _ _ _ _ _ _ _ _ _ _ _ _ _ _ _ _ _ _ _ _ _ _ _ _ _ _ _ _

module_name = 'ui.widgets.proxy_quality_panel'
forbidden = ('core.network_diagnostic_settings', 'core.network_diagnostics', 'core.security', 'urllib.request', 'keyring')

    def _run_import_check(module_name: str, forbidden: tuple[str, ...]):
        checks = "\n".join(
            f'if {name!r} in sys.modules: raise SystemExit("eager import: {name}")'
            for name in forbidden
        )
        code = f"""
    import sys
    import {module_name}  # noqa: F401

    {checks}
    """
        result = subprocess.run(
            [sys.executable, "-c", code],
            text=True,
            capture_output=True,
            timeout=20,
        )
>       assert result.returncode == 0, result.stderr or result.stdout
E       AssertionError:
E       assert 3221227274 == 0
E        +  where 3221227274 = CompletedProcess(args=['C:\\Users\\Zzy\\AppData\\Local\\Programs\\Python\\Python312\\python.exe', '-c', '\nimport sys\...\'keyring\' in sys.modules: raise SystemExit("eager import: keyring")\n'], returncode=3221227274, stdout='', stderr='').returncode

test_local_proxy_tab_lazy_imports.py:22: AssertionError
=========================== short test summary info ===========================
FAILED test_local_proxy_tab_lazy_imports.py::test_codex_tab_import_does_not_eagerly_load_profile_cores
FAILED test_local_proxy_tab_lazy_imports.py::test_proxy_quality_panel_import_does_not_eagerly_load_network_cores
2 failed, 5045 passed, 22 skipped in 369.00s (0:06:08)
pytest cleanup: removed C:\Users\Zzy\AppData\Local\Temp\api-switcher-release-check\4b7cad9046fc\environment-34808
pytest: FAILED (1)
