EXCLUDED_NATIVE_MODULES=39
EXCLUDED_NATIVE=test_account_transfer_ui.py
EXCLUDED_NATIVE=test_dpi_layout_ui.py
EXCLUDED_NATIVE=test_legacy_route_cleanup_ui.py
EXCLUDED_NATIVE=test_log_viewer_retention_ui.py
EXCLUDED_NATIVE=test_main_window_layout_ui.py
EXCLUDED_NATIVE=test_optional_migration_password_ui.py
EXCLUDED_NATIVE=test_profile_tab_responsiveness.py
EXCLUDED_NATIVE=test_proxy_lifecycle_ui.py
EXCLUDED_NATIVE=test_proxy_page_disclosure_ui.py
EXCLUDED_NATIVE=test_proxy_picker_paging_ui.py
EXCLUDED_NATIVE=test_proxy_picker_responsiveness.py
EXCLUDED_NATIVE=test_proxy_picker_scope_reorder_ui.py
EXCLUDED_NATIVE=test_route_access_choices_ui.py
EXCLUDED_NATIVE=test_route_bulk_clarity_ui.py
EXCLUDED_NATIVE=test_route_bulk_context_ui.py
EXCLUDED_NATIVE=test_route_bulk_simple_ui.py
EXCLUDED_NATIVE=test_route_bulk_ui.py
EXCLUDED_NATIVE=test_route_diagnostics_dialog.py
EXCLUDED_NATIVE=test_route_editor_clarity_ui.py
EXCLUDED_NATIVE=test_route_node_choice_simple_ui.py
EXCLUDED_NATIVE=test_route_node_mode_feedback_ui.py
EXCLUDED_NATIVE=test_route_node_pool_ui.py
EXCLUDED_NATIVE=test_route_overview_simple_ui.py
EXCLUDED_NATIVE=test_route_preflight_ui.py
EXCLUDED_NATIVE=test_route_preset_entry_ui.py
EXCLUDED_NATIVE=test_route_preset_simple_ui.py
EXCLUDED_NATIVE=test_route_preset_ui.py
EXCLUDED_NATIVE=test_route_runtime_overview_ui.py
EXCLUDED_NATIVE=test_route_scope_safety_ui.py
EXCLUDED_NATIVE=test_route_selection_dialogs.py
EXCLUDED_NATIVE=test_route_simple_flow_ui.py
EXCLUDED_NATIVE=test_service_route_defaults_ui.py
EXCLUDED_NATIVE=test_service_route_overview.py
EXCLUDED_NATIVE=test_service_routes_dialog.py
EXCLUDED_NATIVE=test_ssh_compact_layout_ui.py
EXCLUDED_NATIVE=test_subscription_tags_dialog.py
EXCLUDED_NATIVE=test_subscription_tags_tab_entrypoints.py
EXCLUDED_NATIVE=test_ui_render_performance.py
EXCLUDED_NATIVE=test_ui_simplification.py

== pytest ==
C:\Users\Zzy\AppData\Local\Programs\Python\Python312\python.exe -m pytest -q -p no:cacheprovider --ignore=test_account_transfer_ui.py --ignore=test_dpi_layout_ui.py --ignore=test_legacy_route_cleanup_ui.py --ignore=test_log_viewer_retention_ui.py --ignore=test_main_window_layout_ui.py --ignore=test_optional_migration_password_ui.py --ignore=test_profile_tab_responsiveness.py --ignore=test_proxy_lifecycle_ui.py --ignore=test_proxy_page_disclosure_ui.py --ignore=test_proxy_picker_paging_ui.py --ignore=test_proxy_picker_responsiveness.py --ignore=test_proxy_picker_scope_reorder_ui.py --ignore=test_route_access_choices_ui.py --ignore=test_route_bulk_clarity_ui.py --ignore=test_route_bulk_context_ui.py --ignore=test_route_bulk_simple_ui.py --ignore=test_route_bulk_ui.py --ignore=test_route_diagnostics_dialog.py --ignore=test_route_editor_clarity_ui.py --ignore=test_route_node_choice_simple_ui.py --ignore=test_route_node_mode_feedback_ui.py --ignore=test_route_node_pool_ui.py --ignore=test_route_overview_simple_ui.py --ignore=test_route_preflight_ui.py --ignore=test_route_preset_entry_ui.py --ignore=test_route_preset_simple_ui.py --ignore=test_route_preset_ui.py --ignore=test_route_runtime_overview_ui.py --ignore=test_route_scope_safety_ui.py --ignore=test_route_selection_dialogs.py --ignore=test_route_simple_flow_ui.py --ignore=test_service_route_defaults_ui.py --ignore=test_service_route_overview.py --ignore=test_service_routes_dialog.py --ignore=test_ssh_compact_layout_ui.py --ignore=test_subscription_tags_dialog.py --ignore=test_subscription_tags_tab_entrypoints.py --ignore=test_ui_render_performance.py --ignore=test_ui_simplification.py
........................................................................ [  1%]
........................................................................ [  2%]
........................................................................ [  4%]
........................................................................ [  5%]
........................................................................ [  7%]
........................................................................ [  8%]
........................................................................ [  9%]
........................................................................ [ 11%]
........................................................................ [ 12%]
......................................sssssssssssssssssssss............. [ 14%]
........................................................................ [ 15%]
........................................................................ [ 16%]
........................................................................ [ 18%]
........................................................................ [ 19%]
........................................................................ [ 21%]
........................................................................ [ 22%]
........................................................................ [ 24%]
........................................................................ [ 25%]
........................................................................ [ 26%]
........................................................................ [ 28%]
........................................................................ [ 29%]
........................................................................ [ 31%]
........................................................................ [ 32%]
........................................................................ [ 33%]
........................................................................ [ 35%]
........................................................................ [ 36%]
........................................................................ [ 38%]
........................................................................ [ 39%]
........................................................................ [ 41%]
........................................................................ [ 42%]
........................................................................ [ 43%]
........................................................................ [ 45%]
........................................................................ [ 46%]
........................................................................ [ 48%]
........................................................................ [ 49%]
........................................................................ [ 50%]
........................................................................ [ 52%]
........................................................................ [ 53%]
........................................................................ [ 55%]
........................................................................ [ 56%]
........................................................................ [ 57%]
........................................................................ [ 59%]
........................................................................ [ 60%]
........................................................................ [ 62%]
........................................................................ [ 63%]
........................................................................ [ 65%]
........................................................................ [ 66%]
........................................................................ [ 67%]
........................................................................ [ 69%]
........................................................................ [ 70%]
........................................................................ [ 72%]
........................................................................ [ 73%]
........................................................................ [ 74%]
........................................................................ [ 76%]
........................................................................ [ 77%]
........................................................................ [ 79%]
........................................................................ [ 80%]
........................................................................ [ 82%]
........................................................................ [ 83%]
........................................................................ [ 84%]
........................................................................ [ 86%]
........................................................................ [ 87%]
........................................................................ [ 89%]
........................................................................ [ 90%]
........................................................................ [ 91%]
........................................................................ [ 93%]
........................................................................ [ 94%]
........................................................................ [ 96%]
........................................................................ [ 97%]
........................................................................ [ 98%]
...................................................                      [100%]
5070 passed, 22 skipped in 316.57s (0:05:16)
pytest cleanup: removed C:\Users\Zzy\AppData\Local\Temp\api-switcher-release-check\4b7cad9046fc\environment-24448
pytest: OK
