EXCLUDED_NATIVE_MODULES=38
EXCLUDED_NATIVE=test_account_transfer_ui.py
EXCLUDED_NATIVE=test_dpi_layout_ui.py
EXCLUDED_NATIVE=test_legacy_route_cleanup_ui.py
EXCLUDED_NATIVE=test_log_viewer_retention_ui.py
EXCLUDED_NATIVE=test_main_window_layout_ui.py
EXCLUDED_NATIVE=test_optional_migration_password_ui.py
EXCLUDED_NATIVE=test_profile_tab_responsiveness.py
EXCLUDED_NATIVE=test_proxy_lifecycle_ui.py
EXCLUDED_NATIVE=test_proxy_page_disclosure_ui.py
EXCLUDED_NATIVE=test_proxy_picker_responsiveness.py
EXCLUDED_NATIVE=test_proxy_picker_scope_reorder_ui.py
EXCLUDED_NATIVE=test_route_access_choices_ui.py
EXCLUDED_NATIVE=test_route_bulk_clarity_ui.py
EXCLUDED_NATIVE=test_route_bulk_context_ui.py
EXCLUDED_NATIVE=test_route_bulk_simple_ui.py
EXCLUDED_NATIVE=test_route_bulk_ui.py
EXCLUDED_NATIVE=test_route_diagnostics_dialog.py
EXCLUDED_NATIVE=test_route_editor_clarity_ui.py
EXCLUDED_NATIVE=test_route_node_choice_simple_ui.py
EXCLUDED_NATIVE=test_route_node_mode_feedback_ui.py
EXCLUDED_NATIVE=test_route_node_pool_ui.py
EXCLUDED_NATIVE=test_route_overview_simple_ui.py
EXCLUDED_NATIVE=test_route_preflight_ui.py
EXCLUDED_NATIVE=test_route_preset_entry_ui.py
EXCLUDED_NATIVE=test_route_preset_simple_ui.py
EXCLUDED_NATIVE=test_route_preset_ui.py
EXCLUDED_NATIVE=test_route_runtime_overview_ui.py
EXCLUDED_NATIVE=test_route_scope_safety_ui.py
EXCLUDED_NATIVE=test_route_selection_dialogs.py
EXCLUDED_NATIVE=test_route_simple_flow_ui.py
EXCLUDED_NATIVE=test_service_route_defaults_ui.py
EXCLUDED_NATIVE=test_service_route_overview.py
EXCLUDED_NATIVE=test_service_routes_dialog.py
EXCLUDED_NATIVE=test_ssh_compact_layout_ui.py
EXCLUDED_NATIVE=test_subscription_tags_dialog.py
EXCLUDED_NATIVE=test_subscription_tags_tab_entrypoints.py
EXCLUDED_NATIVE=test_ui_render_performance.py
EXCLUDED_NATIVE=test_ui_simplification.py

== pytest ==
C:\Users\Zzy\AppData\Local\Programs\Python\Python312\python.exe -m pytest -q -p no:cacheprovider --ignore=test_account_transfer_ui.py --ignore=test_dpi_layout_ui.py --ignore=test_legacy_route_cleanup_ui.py --ignore=test_log_viewer_retention_ui.py --ignore=test_main_window_layout_ui.py --ignore=test_optional_migration_password_ui.py --ignore=test_profile_tab_responsiveness.py --ignore=test_proxy_lifecycle_ui.py --ignore=test_proxy_page_disclosure_ui.py --ignore=test_proxy_picker_responsiveness.py --ignore=test_proxy_picker_scope_reorder_ui.py --ignore=test_route_access_choices_ui.py --ignore=test_route_bulk_clarity_ui.py --ignore=test_route_bulk_context_ui.py --ignore=test_route_bulk_simple_ui.py --ignore=test_route_bulk_ui.py --ignore=test_route_diagnostics_dialog.py --ignore=test_route_editor_clarity_ui.py --ignore=test_route_node_choice_simple_ui.py --ignore=test_route_node_mode_feedback_ui.py --ignore=test_route_node_pool_ui.py --ignore=test_route_overview_simple_ui.py --ignore=test_route_preflight_ui.py --ignore=test_route_preset_entry_ui.py --ignore=test_route_preset_simple_ui.py --ignore=test_route_preset_ui.py --ignore=test_route_runtime_overview_ui.py --ignore=test_route_scope_safety_ui.py --ignore=test_route_selection_dialogs.py --ignore=test_route_simple_flow_ui.py --ignore=test_service_route_defaults_ui.py --ignore=test_service_route_overview.py --ignore=test_service_routes_dialog.py --ignore=test_ssh_compact_layout_ui.py --ignore=test_subscription_tags_dialog.py --ignore=test_subscription_tags_tab_entrypoints.py --ignore=test_ui_render_performance.py --ignore=test_ui_simplification.py
........................................................................ [  1%]
........................................................................ [  2%]
........................................................................ [  4%]
........................................................................ [  5%]
........................................................................ [  7%]
........................................................................ [  8%]
........................................................................ [  9%]
........................................................................ [ 11%]
..............................F......................................... [ 12%]
......................................sssssssssssssssssssss............. [ 14%]
........................................................................ [ 15%]
........................................................................ [ 17%]
........................................................................ [ 18%]
........................................................................ [ 19%]
........................................................................ [ 21%]
........................................................................ [ 22%]
........................................................................ [ 24%]
........................................................................ [ 25%]
........................................................................ [ 26%]
........................................................................ [ 28%]
........................................................................ [ 29%]
........................................................................ [ 31%]
........................................................................ [ 32%]
........................................................................ [ 34%]
........................................................................ [ 35%]
........................................................................ [ 36%]
........................................................................ [ 38%]
........................................................................ [ 39%]
........................................................................ [ 41%]
........................................................................ [ 42%]
........................................................................ [ 44%]
........................................................................ [ 45%]
........................................................................ [ 46%]
........................................................................ [ 48%]
........................................................................ [ 49%]
........................................................................ [ 51%]
........................................................................ [ 52%]
........................................................................ [ 53%]
........................................................................ [ 55%]
........................................................................ [ 56%]
........................................................................ [ 58%]
........................................................................ [ 59%]
........................................................................ [ 61%]
........................................................................ [ 62%]
........................................................................ [ 63%]
........................................................................ [ 65%]
........................................................................ [ 66%]
........................................................................ [ 68%]
........................................................................ [ 69%]
........................................................................ [ 71%]
........................................................................ [ 72%]
........................................................................ [ 73%]
........................................................................ [ 75%]
........................................................................ [ 76%]
........................................................................ [ 78%]
........................................................................ [ 79%]
........................................................................ [ 80%]
........................................................................ [ 82%]
........................................................................ [ 83%]
........................................................................ [ 85%]
........................................................................ [ 86%]
........................................................................ [ 88%]
........................................................................ [ 89%]
........................................................................ [ 90%]
........................................................................ [ 92%]
........................................................................ [ 93%]
........................................................................ [ 95%]
........................................................................ [ 96%]
........................................................................ [ 98%]
........................................................................ [ 99%]
............................                                             [100%]
================================== FAILURES ===================================
_________________ test_release_version_metadata_is_consistent _________________

    def test_release_version_metadata_is_consistent():
        version_text = build_exe.VERSION_INFO_PATH.read_text(encoding="utf-8")
        readme = Path("README.md").read_text(encoding="utf-8")
        numeric_version = tuple(int(part) for part in build_exe.APP_VERSION.split(".")) + (0,)

>       assert f"filevers={numeric_version}" in version_text
E       assert 'filevers=(2, 4, 72, 0)' in "VSVersionInfo(\n  ffi=FixedFileInfo(\n    filevers=(2, 4, 73, 0),\n    prodvers=(2, 4, 73, 0),\n    mask=0x3f,\n    f...2.4.73')\n          ]\n        )\n      ]\n    ),\n    VarFileInfo([VarStruct('Translation', [2052, 1200])])\n  ]\n)\n"

test_build_exe.py:224: AssertionError
=========================== short test summary info ===========================
FAILED test_build_exe.py::test_release_version_metadata_is_consistent - asser...
1 failed, 5046 passed, 22 skipped in 426.72s (0:07:06)
pytest cleanup: removed C:\Users\Zzy\AppData\Local\Temp\api-switcher-release-check\4b7cad9046fc\environment-12768
pytest: FAILED (1)
