
== syntax ==
Python source syntax: OK
syntax: OK

== dependencies ==
Runtime dependencies: customtkinter, keyring, tomli_w, tomllib, PIL, paramiko, pystray, cryptography, yaml
dependencies: OK

== release-dependencies ==
Pinned release dependencies: 32 packages
release-dependencies: OK

== mojibake ==
No source mojibake markers found.
mojibake: OK

== diff-check ==
git diff --check HEAD --
warning: in the working copy of '.gitignore', LF will be replaced by CRLF the next time Git touches it
warning: in the working copy of 'README.md', LF will be replaced by CRLF the next time Git touches it
warning: in the working copy of 'RELEASE_CHECK_2.4.73.md', LF will be replaced by CRLF the next time Git touches it
warning: in the working copy of 'build_exe.py', LF will be replaced by CRLF the next time Git touches it
warning: in the working copy of 'requirements-release.txt', LF will be replaced by CRLF the next time Git touches it
warning: in the working copy of 'ui/widgets/search_bar.py', LF will be replaced by CRLF the next time Git touches it
warning: in the working copy of 'version_info.txt', LF will be replaced by CRLF the next time Git touches it
diff-check: OK

== ruff ==
C:\Users\Zzy\AppData\Local\Programs\Python\Python312\python.exe -m ruff check .
All checks passed!
ruff: OK

== pytest ==
C:\Users\Zzy\AppData\Local\Programs\Python\Python312\python.exe -m pytest -q -p no:cacheprovider test_build_exe.py test_release_check.py test_imports.py test_ui_widget_lifecycle.py
...............................................................          [100%]
63 passed in 4.27s
pytest cleanup: removed C:\Users\Zzy\AppData\Local\Temp\api-switcher-release-check\4b7cad9046fc\environment-13636
pytest: OK
STATIC_AND_FOCUSED_RESULTS [True, True, True, True, True, True, True]
